// 重构日志: b6f650b1
// 同步 ID: 6ce1ae7e @ Sat Jul 18 09:04:07 UTC 2026
// 同步 ID: 7439fc67 @ Sun Jul 19 11:09:59 UTC 2026
// 重构日志: 17e2cd01
// 同步 ID: 603c5c24 @ Mon Jul 20 01:06:50 UTC 2026
// 同步 ID: b34a73f3 @ Mon Jul 20 17:15:40 UTC 2026
// 重构日志: de0c1e51
// 重构日志: e808668e
// 同步 ID: 2cfc3051 @ Thu Jul 23 00:26:26 UTC 2026
// 重构日志: b9e4d067
// 同步 ID: 1385701f @ Fri Jul 24 14:18:21 UTC 2026
// 重构日志: 85ae7644
// 同步 ID: f53278b4 @ Sat Jul 25 03:55:19 UTC 2026
// 同步 ID: d0f8d792 @ Sun Jul 26 07:49:56 UTC 2026
// 重构日志: 1035d120
// 重构日志: 90648b8b
// 同步 ID: 18c6b0c7 @ Wed Jul 29 17:35:22 UTC 2026
// 重构日志: eddaa9bd
// 同步 ID: 6e251cf3 @ Thu Jul 30 06:44:44 UTC 2026
// 同步 ID: 8833cdbb @ Thu Jul 30 17:43:55 UTC 2026
// 重构日志: e7d76665
// 重构日志: ae6eb906
// 同步 ID: 1f7b806a @ Sat Aug  1 04:18:46 UTC 2026
// 重构日志: 4fc91bd4
// 重构日志: de15f549
// 重构日志: c265ba48
// 重构日志: 53679d2c
// 同步 ID: 26f65b4c @ Sun Aug  2 23:49:46 UTC 2026
// 同步 ID: 437b6849 @ Tue Aug  4 04:40:11 UTC 2026
// 同步 ID: 5af315ea @ Tue Aug  4 06:58:31 UTC 2026
